2026-09-11 18:06:52,399 - nivra - INFO - Command result: <nivra.core.command_result.CommandResult object at 0x000002BACC2E5FD0>
2026-09-11 18:07:06,065 - nivra - ERROR - Process failed: Process failed to start: The system cannot find the file specified.
2026-09-11 18:15:53,659 - nivra - INFO - Command result | command: python --version, Exit Code: 0, Duration: 0.03 seconds, Success: True
2026-09-11 18:16:10,460 - nivra - ERROR - Process failed: Process failed to start: The process cannot access the file because it is being used by another process.
2026-09-11 19:16:56,286 - nivra - INFO - Command result | command: python --version | Exit Code: 0 | Duration: 0.02 seconds | Success: True
2026-09-11 19:18:31,738 - nivra - ERROR - Process failed: Process failed to start: The system cannot find the file specified.
2026-09-11 19:53:41,420 - nivra - INFO - Command result | command: python --version | Exit Code: 0 | Duration: 0.02 seconds | Success: True
2026-09-11 19:54:09,064 - nivra - INFO - Command result | command: pytest | Exit Code: 5 | Duration: 10.34 seconds | Success: False
2026-09-11 20:21:50,666 - nivra - INFO - Command result | command: python --version | Exit Code: 0 | Duration: 0.02 seconds | Success: True
2026-09-11 20:22:06,596 - nivra - ERROR - Process failed: Process failed to start: The system cannot find the file specified.
2026-09-12 21:24:13,928 - nivra - INFO - Command finished | Command: python --version | exit code: 0 | Duration: 0.10201150000011694 | Success: True
2026-09-12 21:50:04,381 - nivra - INFO - command finished | command=python --version | exit code=0 | duration=0.02s | success=True
2026-09-13 00:22:38,288 - nivra - INFO - command finished | command=python --version | stdout=Python 3.14.5
 | stderr= | duration=0.02s | exit_code=0 | success=True
2026-09-13 00:22:41,014 - nivra - ERROR - process failed | error_message=Process failed to start: The system cannot find the file specified.
2026-09-13 02:03:28,476 - nivra - INFO - command finished | command=python -c "from pathlib import Path; print(Path.cwd())" | stdout=C:\Users\PC_2\Desktop\Nivra
 | stderr= | duration=0.11s | exit_code=0 | success=True
2026-09-13 02:21:05,666 - nivra - INFO - command finished | command=python -c "from pathlib import Path; print(Path.cwd())" | stdout=C:\Users\PC_2\Desktop
 | stderr= | duration=0.08s | exit_code=0 | success=True
2026-09-13 02:21:47,624 - nivra - INFO - command finished | command=python -c "from pathlib import Path; print(Path.cwd())" | stdout=C:\Users\PC_2\Desktop\Nivra
 | stderr= | duration=0.08s | exit_code=0 | success=True
2026-09-13 02:25:48,540 - nivra - INFO - command finished | command=python --version | stdout=Python 3.14.5
 | stderr= | duration=0.02s | exit_code=0 | success=True
2026-09-13 02:25:55,779 - nivra - ERROR - process failed | error_message=Process failed to start: The system cannot find the file specified.
2026-09-13 09:03:22,866 - nivra - ERROR - process failed | error_message=Process failed to start: The system cannot find the file specified.
2026-09-13 09:03:55,799 - nivra - INFO - command finished | command=python --version | duration=0.10s | exit_code=0 | success=True
2026-09-13 09:31:52,178 - nivra - INFO - command finished | command=python -c "import time; time.sleep(5); print('done')" | duration=5.08s | exit_code=0 | success=True
2026-09-13 09:33:15,385 - nivra - INFO - command finished | command=python --version | duration=0.02s | exit_code=0 | success=True
2026-09-13 09:37:13,404 - nivra - INFO - command finished | command=python -c "import time; time.sleep(5); print('done')" | duration=5.11s | exit_code=0 | success=True
2026-09-13 09:37:33,221 - nivra - INFO - command finished | command=python -c "import time; time.sleep(5); print('done')" | duration=5.04s | exit_code=0 | success=True
2026-09-13 09:38:16,131 - nivra - INFO - command finished | command=python -c "import time; time.sleep(5); print('done')" | duration=5.05s | exit_code=0 | success=True
2026-09-13 09:43:28,948 - nivra - INFO - command finished | command=python -c "import time; time.sleep(5); print('done')" | duration=5.07s | exit_code=0 | success=True
2026-09-13 09:46:47,847 - nivra - INFO - command finished | command=python -c "import time; time.sleep(5); print('done')" | duration=5.06s | exit_code=0 | success=True
2026-09-13 09:47:43,511 - nivra - INFO - command finished | command=python -c "import time; time.sleep(5); print('done')" | duration=5.06s | exit_code=0 | success=True
2026-09-13 09:47:52,192 - nivra - ERROR - process failed | error_message=Process failed to start: The system cannot find the file specified.
2026-09-13 09:48:05,280 - nivra - ERROR - process failed | error_message=Process failed to start: The system cannot find the file specified.
2026-09-13 12:01:58,054 - nivra - INFO - command finished | command=python --version | duration=0.16s | exit_code=0 | success=True
2026-09-13 19:37:59,730 - nivra - INFO - command finished | command=python --version | duration=0.13s | exit_code=0 | success=True
2026-09-13 21:38:50,724 - nivra - INFO - command finished | command=python --version | duration=0.08s | exit_code=0 | success=True
2026-09-13 21:55:56,198 - nivra - INFO - command finished | command=python --version | duration=0.02s | exit_code=0 | success=True
2026-09-13 22:46:12,171 - nivra - INFO - command finished | command=python --version | duration=0.35s | exit_code=0 | success=True
2026-09-13 23:31:51,159 - nivra - INFO - command finished | command=python --version | duration=0.08s | exit_code=0 | success=True
2026-09-13 23:55:44,696 - nivra - INFO - command finished | command=python --version | duration=0.02s | exit_code=0 | success=True
2026-09-13 23:56:18,046 - nivra - INFO - command finished | command=python project.py | duration=0.17s | exit_code=1 | success=False
2026-09-14 21:32:22,454 - nivra - INFO - command finished | command=python --version | duration=1.40s | exit_code=0 | success=True
2026-09-14 21:32:37,810 - nivra - INFO - command finished | command=python -c "import time; time.sleep(5); print('done')" | duration=5.75s | exit_code=0 | success=True
2026-09-14 21:32:42,647 - nivra - INFO - command finished | command=python --version | duration=0.25s | exit_code=0 | success=True
2026-09-14 21:32:55,275 - nivra - INFO - command finished | command=python -c "from pathlib import Path; print(Path.cwd())" | duration=0.19s | exit_code=0 | success=True
2026-09-14 21:33:05,346 - nivra - ERROR - process failed | error_message=Process failed to start: The system cannot find the file specified.
2026-09-14 21:33:58,218 - nivra - INFO - command finished | command=python -c "import time; time.sleep(5); print('done')" | duration=5.68s | exit_code=0 | success=True
2026-09-14 22:32:21,350 - nivra - INFO - command finished | command=python --v | duration=6.16s | exit_code=2 | success=False
2026-09-14 22:32:32,094 - nivra - INFO - command finished | command=python --version | duration=0.02s | exit_code=0 | success=True
2026-09-14 22:33:11,134 - nivra - INFO - command finished | command=python (print("hello, world")) | duration=4.01s | exit_code=2 | success=False
